dynamic: git-staging-vulnerable: incomplete
dynamic: git-staging-vulnerable-mutation: incomplete
dynamic: git-staging-fixed: incomplete
dynamic: git-staging-fixed-mutation: incomplete
dynamic: git-arguments-vulnerable: incomplete
dynamic: git-arguments-vulnerable-mutation: incomplete
dynamic: git-arguments-fixed: incomplete
dynamic: git-arguments-fixed-mutation: incomplete
dynamic: git-repository-vulnerable: incomplete
dynamic: git-repository-vulnerable-mutation: incomplete
dynamic: git-repository-fixed: incomplete
dynamic: git-repository-fixed-mutation: incomplete
dynamic: filesystem-prefix-vulnerable: unsupported
dynamic: filesystem-prefix-vulnerable-mutation: unsupported
dynamic: filesystem-prefix-fixed: unsupported
dynamic: filesystem-prefix-fixed-mutation: unsupported
dynamic: atlassian-ssrf-vulnerable: unsupported
dynamic: atlassian-ssrf-vulnerable-mutation: unsupported
dynamic: atlassian-ssrf-fixed: unsupported
dynamic: atlassian-ssrf-fixed-mutation: unsupported
dynamic: atlassian-auth-vulnerable: unsupported
dynamic: atlassian-auth-vulnerable-mutation: unsupported
dynamic: atlassian-auth-fixed: unsupported
dynamic: atlassian-auth-fixed-mutation: unsupported
dynamic: atlassian-upload-vulnerable: unsupported
dynamic: atlassian-upload-vulnerable-mutation: unsupported
dynamic: atlassian-upload-fixed: unsupported
dynamic: atlassian-upload-fixed-mutation: unsupported
dynamic: excel-boundary-vulnerable: unsupported
dynamic: excel-boundary-vulnerable-mutation: unsupported
dynamic: excel-boundary-fixed: unsupported
dynamic: excel-boundary-fixed-mutation: unsupported
dynamic: mobile-output-vulnerable: unsupported
dynamic: mobile-output-vulnerable-mutation: unsupported
dynamic: mobile-output-fixed: unsupported
dynamic: mobile-output-fixed-mutation: unsupported
dynamic: kubernetes-shell-vulnerable: unsupported
dynamic: kubernetes-shell-vulnerable-mutation: unsupported
dynamic: kubernetes-shell-fixed: unsupported
dynamic: kubernetes-shell-fixed-mutation: unsupported
dynamic: git-status-safe: incomplete
dynamic: atlassian-download-path-safe: unsupported
dynamic: excel-child-path-safe: unsupported
dynamic: mobile-locale-safe: unsupported
dynamic: kubernetes-formatting-safe: unsupported
