replay: git-staging-vulnerable: completed
replay: git-staging-vulnerable-mutation: completed
replay: git-staging-fixed: completed
replay: git-staging-fixed-mutation: completed
replay: git-arguments-vulnerable: completed
replay: git-arguments-vulnerable-mutation: completed
replay: git-arguments-fixed: completed
replay: git-arguments-fixed-mutation: completed
replay: git-repository-vulnerable: completed
replay: git-repository-vulnerable-mutation: completed
replay: git-repository-fixed: completed
replay: git-repository-fixed-mutation: completed
replay: filesystem-prefix-vulnerable: completed
replay: filesystem-prefix-vulnerable-mutation: completed
replay: filesystem-prefix-fixed: completed
replay: filesystem-prefix-fixed-mutation: completed
replay: atlassian-ssrf-vulnerable: incomplete
replay: atlassian-ssrf-vulnerable-mutation: incomplete
replay: atlassian-ssrf-fixed: incomplete
replay: atlassian-ssrf-fixed-mutation: incomplete
replay: atlassian-auth-vulnerable: incomplete
replay: atlassian-auth-vulnerable-mutation: incomplete
replay: atlassian-auth-fixed: incomplete
replay: atlassian-auth-fixed-mutation: incomplete
replay: atlassian-upload-vulnerable: incomplete
replay: atlassian-upload-vulnerable-mutation: incomplete
replay: atlassian-upload-fixed: incomplete
replay: atlassian-upload-fixed-mutation: incomplete
replay: excel-boundary-vulnerable: incomplete
replay: excel-boundary-vulnerable-mutation: incomplete
replay: excel-boundary-fixed: incomplete
replay: excel-boundary-fixed-mutation: incomplete
replay: mobile-output-vulnerable: incomplete
replay: mobile-output-vulnerable-mutation: incomplete
replay: mobile-output-fixed: incomplete
replay: mobile-output-fixed-mutation: incomplete
replay: kubernetes-shell-vulnerable: incomplete
replay: kubernetes-shell-vulnerable-mutation: incomplete
replay: kubernetes-shell-fixed: incomplete
replay: kubernetes-shell-fixed-mutation: incomplete
replay: git-status-safe: completed
replay: atlassian-download-path-safe: incomplete
replay: excel-child-path-safe: incomplete
replay: mobile-locale-safe: incomplete
replay: kubernetes-formatting-safe: incomplete
