rules: git-staging-vulnerable: completed
rules: git-staging-vulnerable-mutation: completed
rules: git-staging-fixed: completed
rules: git-staging-fixed-mutation: completed
rules: git-arguments-vulnerable: completed
rules: git-arguments-vulnerable-mutation: completed
rules: git-arguments-fixed: completed
rules: git-arguments-fixed-mutation: completed
rules: git-repository-vulnerable: completed
rules: git-repository-vulnerable-mutation: completed
rules: git-repository-fixed: completed
rules: git-repository-fixed-mutation: completed
rules: filesystem-prefix-vulnerable: completed
rules: filesystem-prefix-vulnerable-mutation: completed
rules: filesystem-prefix-fixed: completed
rules: filesystem-prefix-fixed-mutation: completed
rules: atlassian-ssrf-vulnerable: incomplete
rules: atlassian-ssrf-vulnerable-mutation: incomplete
rules: atlassian-ssrf-fixed: incomplete
rules: atlassian-ssrf-fixed-mutation: incomplete
rules: atlassian-auth-vulnerable: incomplete
rules: atlassian-auth-vulnerable-mutation: incomplete
rules: atlassian-auth-fixed: incomplete
rules: atlassian-auth-fixed-mutation: incomplete
rules: atlassian-upload-vulnerable: incomplete
rules: atlassian-upload-vulnerable-mutation: incomplete
rules: atlassian-upload-fixed: incomplete
rules: atlassian-upload-fixed-mutation: incomplete
rules: excel-boundary-vulnerable: completed
rules: excel-boundary-vulnerable-mutation: completed
rules: excel-boundary-fixed: completed
rules: excel-boundary-fixed-mutation: completed
rules: mobile-output-vulnerable: completed
rules: mobile-output-vulnerable-mutation: completed
rules: mobile-output-fixed: completed
rules: mobile-output-fixed-mutation: completed
rules: kubernetes-shell-vulnerable: completed
rules: kubernetes-shell-vulnerable-mutation: completed
rules: kubernetes-shell-fixed: completed
rules: kubernetes-shell-fixed-mutation: completed
rules: git-status-safe: completed
rules: atlassian-download-path-safe: incomplete
rules: excel-child-path-safe: completed
rules: mobile-locale-safe: completed
rules: kubernetes-formatting-safe: completed
