runtime-replay: git-staging-vulnerable: incomplete
runtime-replay: git-staging-vulnerable-mutation: incomplete
runtime-replay: git-staging-fixed: incomplete
runtime-replay: git-staging-fixed-mutation: incomplete
runtime-replay: git-arguments-vulnerable: incomplete
runtime-replay: git-arguments-vulnerable-mutation: incomplete
runtime-replay: git-arguments-fixed: incomplete
runtime-replay: git-arguments-fixed-mutation: incomplete
runtime-replay: git-repository-vulnerable: incomplete
runtime-replay: git-repository-vulnerable-mutation: incomplete
runtime-replay: git-repository-fixed: incomplete
runtime-replay: git-repository-fixed-mutation: incomplete
runtime-replay: filesystem-prefix-vulnerable: unsupported
runtime-replay: filesystem-prefix-vulnerable-mutation: unsupported
runtime-replay: filesystem-prefix-fixed: unsupported
runtime-replay: filesystem-prefix-fixed-mutation: unsupported
runtime-replay: atlassian-ssrf-vulnerable: unsupported
runtime-replay: atlassian-ssrf-vulnerable-mutation: unsupported
runtime-replay: atlassian-ssrf-fixed: unsupported
runtime-replay: atlassian-ssrf-fixed-mutation: unsupported
runtime-replay: atlassian-auth-vulnerable: unsupported
runtime-replay: atlassian-auth-vulnerable-mutation: unsupported
runtime-replay: atlassian-auth-fixed: unsupported
runtime-replay: atlassian-auth-fixed-mutation: unsupported
runtime-replay: atlassian-upload-vulnerable: unsupported
runtime-replay: atlassian-upload-vulnerable-mutation: unsupported
runtime-replay: atlassian-upload-fixed: unsupported
runtime-replay: atlassian-upload-fixed-mutation: unsupported
runtime-replay: excel-boundary-vulnerable: unsupported
runtime-replay: excel-boundary-vulnerable-mutation: unsupported
runtime-replay: excel-boundary-fixed: unsupported
runtime-replay: excel-boundary-fixed-mutation: unsupported
runtime-replay: mobile-output-vulnerable: unsupported
runtime-replay: mobile-output-vulnerable-mutation: unsupported
runtime-replay: mobile-output-fixed: unsupported
runtime-replay: mobile-output-fixed-mutation: unsupported
runtime-replay: kubernetes-shell-vulnerable: unsupported
runtime-replay: kubernetes-shell-vulnerable-mutation: unsupported
runtime-replay: kubernetes-shell-fixed: unsupported
runtime-replay: kubernetes-shell-fixed-mutation: unsupported
runtime-replay: git-status-safe: incomplete
runtime-replay: atlassian-download-path-safe: unsupported
runtime-replay: excel-child-path-safe: unsupported
runtime-replay: mobile-locale-safe: unsupported
runtime-replay: kubernetes-formatting-safe: unsupported
