semgrep: git-staging-vulnerable: incomplete
semgrep: git-staging-vulnerable-mutation: incomplete
semgrep: git-staging-fixed: incomplete
semgrep: git-staging-fixed-mutation: incomplete
semgrep: git-arguments-vulnerable: incomplete
semgrep: git-arguments-vulnerable-mutation: incomplete
semgrep: git-arguments-fixed: incomplete
semgrep: git-arguments-fixed-mutation: incomplete
semgrep: git-repository-vulnerable: incomplete
semgrep: git-repository-vulnerable-mutation: incomplete
semgrep: git-repository-fixed: incomplete
semgrep: git-repository-fixed-mutation: incomplete
semgrep: filesystem-prefix-vulnerable: incomplete
semgrep: filesystem-prefix-vulnerable-mutation: incomplete
semgrep: filesystem-prefix-fixed: incomplete
semgrep: filesystem-prefix-fixed-mutation: incomplete
semgrep: atlassian-ssrf-vulnerable: incomplete
semgrep: atlassian-ssrf-vulnerable-mutation: incomplete
semgrep: atlassian-ssrf-fixed: incomplete
semgrep: atlassian-ssrf-fixed-mutation: incomplete
semgrep: atlassian-auth-vulnerable: incomplete
semgrep: atlassian-auth-vulnerable-mutation: incomplete
semgrep: atlassian-auth-fixed: incomplete
semgrep: atlassian-auth-fixed-mutation: incomplete
semgrep: atlassian-upload-vulnerable: incomplete
semgrep: atlassian-upload-vulnerable-mutation: incomplete
semgrep: atlassian-upload-fixed: incomplete
semgrep: atlassian-upload-fixed-mutation: incomplete
semgrep: excel-boundary-vulnerable: incomplete
semgrep: excel-boundary-vulnerable-mutation: incomplete
semgrep: excel-boundary-fixed: incomplete
semgrep: excel-boundary-fixed-mutation: incomplete
semgrep: mobile-output-vulnerable: incomplete
semgrep: mobile-output-vulnerable-mutation: incomplete
semgrep: mobile-output-fixed: incomplete
semgrep: mobile-output-fixed-mutation: incomplete
semgrep: kubernetes-shell-vulnerable: incomplete
semgrep: kubernetes-shell-vulnerable-mutation: incomplete
semgrep: kubernetes-shell-fixed: incomplete
semgrep: kubernetes-shell-fixed-mutation: incomplete
semgrep: git-status-safe: incomplete
semgrep: atlassian-download-path-safe: incomplete
semgrep: excel-child-path-safe: incomplete
semgrep: mobile-locale-safe: incomplete
semgrep: kubernetes-formatting-safe: incomplete
