semgrep: git-staging-vulnerable: completed
semgrep: git-staging-vulnerable-mutation: completed
semgrep: git-staging-fixed: completed
semgrep: git-staging-fixed-mutation: completed
semgrep: git-arguments-vulnerable: completed
semgrep: git-arguments-vulnerable-mutation: completed
semgrep: git-arguments-fixed: completed
semgrep: git-arguments-fixed-mutation: completed
semgrep: git-repository-vulnerable: completed
semgrep: git-repository-vulnerable-mutation: completed
semgrep: git-repository-fixed: completed
semgrep: git-repository-fixed-mutation: completed
semgrep: filesystem-prefix-vulnerable: completed
semgrep: filesystem-prefix-vulnerable-mutation: completed
semgrep: filesystem-prefix-fixed: completed
semgrep: filesystem-prefix-fixed-mutation: completed
semgrep: atlassian-ssrf-vulnerable: incomplete
semgrep: atlassian-ssrf-vulnerable-mutation: incomplete
semgrep: atlassian-ssrf-fixed: incomplete
semgrep: atlassian-ssrf-fixed-mutation: incomplete
semgrep: atlassian-auth-vulnerable: incomplete
semgrep: atlassian-auth-vulnerable-mutation: incomplete
semgrep: atlassian-auth-fixed: completed
semgrep: atlassian-auth-fixed-mutation: incomplete
semgrep: atlassian-upload-vulnerable: incomplete
semgrep: atlassian-upload-vulnerable-mutation: incomplete
semgrep: atlassian-upload-fixed: incomplete
semgrep: atlassian-upload-fixed-mutation: incomplete
semgrep: excel-boundary-vulnerable: completed
semgrep: excel-boundary-vulnerable-mutation: completed
semgrep: excel-boundary-fixed: completed
semgrep: excel-boundary-fixed-mutation: completed
semgrep: mobile-output-vulnerable: completed
semgrep: mobile-output-vulnerable-mutation: completed
semgrep: mobile-output-fixed: completed
semgrep: mobile-output-fixed-mutation: completed
semgrep: kubernetes-shell-vulnerable: completed
semgrep: kubernetes-shell-vulnerable-mutation: completed
semgrep: kubernetes-shell-fixed: completed
semgrep: kubernetes-shell-fixed-mutation: completed
semgrep: git-status-safe: completed
semgrep: atlassian-download-path-safe: incomplete
semgrep: excel-child-path-safe: completed
semgrep: mobile-locale-safe: completed
semgrep: kubernetes-formatting-safe: completed
