scripts/phase23_regression.py:230: error: Module has no attribute "setitimer"  [attr-defined]
scripts/phase23_regression.py:230: error: Module has no attribute "ITIMER_REAL"  [attr-defined]
scripts/phase23_regression.py:247: error: Module has no attribute "killpg"  [attr-defined]
scripts/phase23_regression.py:247: error: Module has no attribute "SIGKILL"; maybe "SIGILL"?  [attr-defined]
scripts/phase23_regression.py:251: error: Module has no attribute "killpg"  [attr-defined]
scripts/phase23_regression.py:258: error: Module has no attribute "setitimer"  [attr-defined]
scripts/phase23_regression.py:258: error: Module has no attribute "ITIMER_REAL"  [attr-defined]
scripts/phase23_regression.py:316: error: Module has no attribute "SIGALRM"  [attr-defined]
scripts/phase23_regression.py:317: error: Module has no attribute "pthread_sigmask"  [attr-defined]
scripts/phase23_regression.py:317: error: Module has no attribute "SIG_BLOCK"  [attr-defined]
scripts/phase23_regression.py:330: error: Module has no attribute "pthread_sigmask"  [attr-defined]
scripts/phase23_regression.py:330: error: Module has no attribute "SIG_SETMASK"  [attr-defined]
scripts/phase23_regression.py:360: error: Module has no attribute "setitimer"  [attr-defined]
scripts/phase23_regression.py:360: error: Module has no attribute "ITIMER_REAL"  [attr-defined]
scripts/phase23_regression.py:428: error: Module has no attribute "SIGALRM"  [attr-defined]
scripts/phase23_regression.py:511: error: Module has no attribute "setitimer"  [attr-defined]
scripts/phase23_regression.py:511: error: Module has no attribute "ITIMER_REAL"  [attr-defined]
scripts/phase23_regression.py:632: error: Module has no attribute "SIGALRM"  [attr-defined]
scripts/phase23_regression.py:667: error: Module has no attribute "setitimer"  [attr-defined]
scripts/phase23_regression.py:667: error: Module has no attribute "ITIMER_REAL"  [attr-defined]
tests/test_phase23.py:331: error: Module has no attribute "SIGALRM"  [attr-defined]
tests/test_phase23.py:349: error: Module has no attribute "setitimer"  [attr-defined]
tests/test_phase23.py:349: error: Module has no attribute "ITIMER_REAL"  [attr-defined]
tests/test_phase23.py:350: error: Module has no attribute "SIGALRM"  [attr-defined]
Found 24 errors in 2 files (checked 154 source files)
